// Jest Snapshot v1, https://goo.gl/fbAQLP

exports[`Should load the Homepage with menu Snapshot matched 1`] = `[Function]`;
