// Jest Snapshot v1, https://goo.gl/fbAQLP

exports[`Should load the NavBaru Snapshot matched 1`] = `[Function]`;
