// Jest Snapshot v1, https://goo.gl/fbAQLP

exports[`Should load popup od single Snapshot matched 1`] = `[Function]`;
